== world
  Еда [('хлеб', 122, 67), ('рыба', 81, 99), ('масло', 70, 45), ('рак', 44, 35), ('гусь', 45, 33), ('каша', 43, 34), ('гриб', 21, 53), ('суп', 38, 33), ('мясо', 39, 28), ('колбаса', 33, 34), ('утка', 34, 31), ('щи', 44, 14), ('яйцо', 31, 27), ('икра', 29, 27), ('пирог', 34, 20), ('сахар', 38, 15), ('уха', 45, 5), ('капуста', 23, 23), ('сыр', 32, 12), ('варенье', 28, 16), ('яблоко', 25, 19), ('мед', 29, 13)]
  Напитки [('чай', 155, 80), ('водка', 156, 62), ('вино', 98, 115), ('пиво', 59, 42), ('кофе', 35, 61), ('молоко', 45, 45), ('самовар', 70, 13), ('коньяк', 43, 11), ('шампанское', 38, 8), ('кумыс', 3, 42), ('квас', 25, 8), ('спирт', 18, 8), ('водочка', 20, 5), ('сливки', 12, 11), ('наливка', 12, 5), ('зельтерская', 8, 8), ('ликер', 11, 3), ('херес', 11, 0), ('ром', 9, 1), ('мадера', 9, 1), ('настойка', 6, 4), ('винцо', 5, 3)]
  Звери и птицы [('собака', 151, 207), ('лошадь', 172, 169), ('муха', 73, 29), ('медведь', 28, 59), ('чайка', 7, 76), ('гусь', 45, 33), ('кошка', 53, 24), ('корова', 43, 32), ('лошадка', 20, 47), ('утка', 34, 31), ('соловей', 42, 22), ('мышь', 28, 27), ('заяц', 29, 24), ('собачка', 15, 34), ('журавль', 18, 31), ('пес', 32, 16), ('конь', 28, 20), ('волк', 35, 13), ('клоп', 35, 13), ('воробей', 20, 26), ('комар', 20, 26), ('таракан', 31, 11)]
  Сад и лес [('сад', 104, 246), ('лес', 115, 110), ('цветок', 45, 52), ('роза', 22, 73), ('аллея', 46, 17), ('огород', 32, 22), ('береза', 29, 13), ('вишня', 13, 27), ('тополь', 27, 13), ('сирень', 20, 13), ('ива', 4, 27), ('роща', 28, 2), ('парк', 5, 21), ('дуб', 19, 6), ('сосна', 17, 7), ('крыжовник', 6, 17), ('липа', 21, 1), ('яблоня', 7, 15), ('тюльпан', 6, 15), ('верба', 13, 6), ('акация', 11, 7), ('пальма', 8, 10)]
  Транспорт [('станция', 69, 160), ('поезд', 81, 109), ('пароход', 20, 155), ('вокзал', 42, 121), ('извозчик', 80, 81), ('вагон', 65, 55), ('железная дорога', 49, 58), ('сани', 46, 29), ('коляска', 50, 13), ('экипаж', 38, 23), ('лодка', 22, 32), ('тройка', 44, 10), ('ямщик', 22, 25), ('карета', 33, 9), ('телега', 30, 6), ('тарантас', 15, 18), ('дрожки', 8, 9), ('конка', 11, 5), ('паром', 11, 5), ('бричка', 13, 1), ('велосипед', 9, 3), ('пролетка', 8, 4)]
  Цвета [('красный', 223, 85), ('черный', 191, 74), ('белый', 180, 79), ('бледный', 174, 19), ('зеленый', 117, 69), ('серый', 102, 42), ('золотой', 101, 37), ('розовый', 79, 13), ('желтый', 68, 19), ('пестрый', 21, 66), ('синий', 64, 21), ('голубой', 74, 8), ('седой', 66, 16), ('рыжий', 63, 17), ('вишневый', 7, 58), ('багровый', 42, 3), ('коричневый', 32, 2), ('серебряный', 20, 14), ('бурый', 17, 8), ('смуглый', 22, 1), ('лиловый', 18, 4), ('малиновый', 9, 3)]
  места (произв.): [['Москва', 90], ['Россия', 72], ['Петербург', 61], ['Сибирь', 31], ['Америка', 26], ['Европа', 24], ['Париж', 24], ['Русь', 20], ['Крым', 17], ['Харьков', 16], ['Англия', 13], ['Кавказ', 13], ['Франция', 12], ['Одесса', 10], ['Киев', 9], ['Китай', 9], ['Лондон', 9], ['Амур', 8], ['Курск', 8], ['Ницца', 8], ['Варшава', 8], ['Италия', 7], ['Волга', 7], ['Испания', 7], ['Австрия', 7], ['Везувий', 7], ['Полтава', 7], ['Рим', 7], ['Вена', 7], ['Ялта', 7]]
  места (письма): [['Москва', 1610], ['Ялта', 899], ['Петербург', 606], ['Таганрог', 205], ['Париж', 196], ['Крым', 193], ['Россия', 188], ['Лопасня (Мелихово)', 181], ['Ницца', 173], ['Сахалин', 146], ['Серпухов', 94], ['Одесса', 77], ['Кавказ', 74], ['Севастополь', 74], ['Волга', 66], ['Италия', 61], ['Феодосия', 60], ['Европа', 46], ['Харьков', 44], ['Гурзуф', 43], ['Монте-Карло', 42], ['Дмитровка', 40], ['Сибирь', 40], ['Вена', 39], ['Швейцария', 37], ['Воскресенск', 35], ['Франция', 32], ['Алжир', 32], ['Биарриц', 31], ['Петровка', 31]]
  люди в письмах: [['Суворин', 338, True], ['Немирович-Данченко', 145, True], ['Маркс', 126, True], ['Вишневский', 88, True], ['Лейкин', 68, True], ['Левитан', 66, False], ['Потапенко', 60, True], ['Альтшуллер', 52, True], ['Ежов', 50, True], ['Короленко', 46, True], ['Линтварев', 41, True], ['Плещеев', 39, True], ['Ленский', 38, True], ['Репин', 38, True], ['Сытин', 38, True], ['Свободин', 37, False], ['Лавров', 37, True], ['Ковалевский', 34, True], ['Иваненко', 33, True], ['Сергеенко', 32, True], ['Гольцев', 32, True], ['Эфрос', 30, True], ['Станиславский', 29, False], ['Киселев', 27, True], ['Худеков', 27, True], ['Маслов', 26, True], ['Боние', 26, False], ['Соболевский', 25, True], ['Павловский', 25, True], ['Тургенев', 24, False], ['Островский', 24, True], ['Боборыкин', 22, True], ['Гаршин', 22, False], ['Шекспир', 20, False], ['Лесков', 20, False], ['Иловайский', 20, False], ['Гоголь', 19, False], ['Гиляровский', 19, True], ['Тихонов', 19, True], ['Бальмонт', 18, True], ['Альбов', 17, True], ['Южин', 17, False], ['Рассохин', 17, True], ['Гнедич', 17, True], ['Антокольский', 17, False], ['Бунин', 17, True], ['Ясинский', 16, True], ['Браз', 16, True], ['Мейерхольд', 16, True], ['Петров', 15, True], ['Горев', 15, False], ['Найденов', 15, False], ['Мережковский', 15, False], ['Меньшиков', 15, True], ['Корнеев', 15, True], ['Петровский', 14, True], ['Соловцов', 14, False], ['Курепин', 14, False], ['Виноградов', 14, False], ['Кондаков', 14, True]]
  клички: [('Бром', 5, 4, [1893, 1895]), ('Хина', 7, 6, [1893, 1897]), ('Шарик', 8, 7, [1892, 1903]), ('Арапка', 1, 1, [1892, 1892]), ('Мюр', 9, 8, [1892, 1903]), ('Мерилиз', 5, 5, [1892, 1899]), ('Каштан', 1, 1, [1900, 1900]), ('Федор Тимофеич', 1, 1, [1887, 1887]), ('Мухтар', 2, 1, [1887, 1887]), ('Волчок', 1, 1, [1887, 1887]), ('Сволочь', 4, 4, [1889, 1892]), ('Каштанка', 46, 1, [1887, 1887]), ('Хавронья Ивановна', 1, 1, [1887, 1887]), ('Иван Иваныч', 22, 1, [1887, 1887]), ('Вьюн', 4, 1, [1886, 1886]), ('Лыска', 7, 1, [1886, 1886]), ('Арапка', 4, 1, [1895, 1895]), ('Милорд', 2, 1, [1887, 1887]), ('Азорка', 4, 1, [1888, 1888]), ('Шарик', 1, 1, [1900, 1900]), ('Скачок', 1, 1, [1884, 1884]), ('Тщетный', 3, 1, [1881, 1881]), ('Музыкант', 8, 1, [1881, 1881]), ('Жулька', 1, 1, [1883, 1883]), ('Дианка', 1, 1, [1884, 1884])] собака-Книппер: 52
  имена м: [['Иван', 128], ['Петр', 68], ['Егор', 40], ['Павел', 39], ['Николай', 38], ['Семен', 36], ['Григорий', 28], ['Алексей', 28], ['Федор', 27], ['Андрей', 27], ['Степан', 26], ['Кузьма', 25], ['Александр', 23], ['Михаил', 22], ['Сергей', 22], ['Василий', 20], ['Миша', 17], ['Илья', 16], ['Вася', 16], ['Ваня', 15], ['Петя', 14], ['Коля', 13], ['Дмитрий', 13], ['Гриша', 13], ['Лука', 13]]
  имена ж: [['Марья', 52], ['Анна', 30], ['Маша', 24], ['Наталья', 24], ['Ольга', 23], ['Катя', 22], ['Варвара', 21], ['Пелагея', 18], ['Соня', 17], ['Марфа', 16], ['Настасья', 16], ['Софья', 15], ['Оля', 14], ['Мария', 14], ['Варя', 14], ['Надя', 12], ['Анна', 12], ['Наташа', 11], ['Дарья', 11], ['Матрена', 10], ['Лиза', 10], ['Елена', 10], ['Татьяна', 10], ['Авдотья', 9], ['Зина', 8]]
  имя-отчество: [['Иван Иванович', 30], ['Иван Петрович', 17], ['Павел Иванович', 10], ['Петр Петрович', 8], ['Иван Андреевич', 8], ['Иван Матвеевич', 6], ['Петр Семенович', 6], ['Марья Петровна', 6], ['Михаил Иванович', 6], ['Андрей Андреевич', 6], ['Иван Алексеевич', 5], ['Иван Николаевич', 5], ['Александр Иванович', 5], ['Петр Иванович', 4], ['Марья Ивановна', 4], ['Егор Алексеевич', 4], ['Петр Сергеевич', 4], ['Федор Федорович', 4], ['Наталья Андреевна', 4], ['Марья Михаиловна', 4]]
  аудит: слово | засчитано | основа в тексте
     Еда            сыр              58    240
     Еда            мед              49    274
     Еда            сахар            89    342
     Еда            картофель        21     53
     Еда            жаркое           33    315
     Еда            окорок           10     29
     Еда            налим            30    172
     Напитки        ром              14    506
     Напитки        какао             4    921
     Напитки        ликер            19     41
     Напитки        спирт            33     84
     Звери и птицы  пес              70    321
     Звери и птицы  кот              90    194
     Звери и птицы  кобыла            9     25
     Звери и птицы  корова          112    188
     Звери и птицы  баран            23    128
     Звери и птицы  голубь           31    587
     Звери и птицы  ворона           36    112
     Звери и птицы  комар            70    129
     Звери и птицы  налим            30    172
     Звери и птицы  кукушка          13     40
     Звери и птицы  лебедь           15     61
     Звери и птицы  стриж             0     25
     Звери и птицы  сорока           11    224
     Звери и птицы  галка            21     44
     Звери и птицы  филин             7     31
     Звери и птицы  жук              25     60
     Звери и птицы  кит               8     80
     Сад и лес      ива              46   2011
     Сад и лес      лилия             9     32
     Сад и лес      пальма           20    125
     Транспорт      поезд           404    703
     Транспорт      баржа            18     42
     Транспорт      паром            49    262
     Транспорт      плот             33    169
     Транспорт      линейка           4     22
     Транспорт      возок             2     31
== money
  денежных слов на 10 000: письма 48.82 рассказы 35.94
  писем с деньгами: 1568 из 4494
  топ: [('деньга', 1016), ('рубль', 489), ('стоить', 313), ('долг', 248), ('гонорар', 248), ('платить', 162), ('цена', 157), ('банк', 126), ('заплатить', 111), ('уплатить', 103), ('расход', 93), ('аванс', 77), ('грош', 72), ('доход', 62), ('процент', 56), ('взаймы', 56), ('копейка', 55), ('дорого', 55), ('заработать', 50), ('богатство', 46), ('дешево', 46), ('жалование', 46), ('денежный', 42), ('безденежье', 42), ('капитал', 36), ('касса', 36), ('вексель', 34), ('бедность', 19), ('целковый', 18), ('заработок', 14)]
  категории: {'просит и занимает': 113, 'даёт и выручает': 28, 'без денег': 178, 'гонорар и заработок': 261, 'долги': 234}
  == просит и занимает [('А. С. Суворин', 25), ('Н. А. Лейкин', 10), ('А. Н. Плещеев', 9), ('М. П. Чехова', 8), ('Ф. О. Шехтель', 5)]
      1890 А. С. Суворин | Вчера я прочел Ежову письмо Алексея Алексеевича, который пишет, что Вы предлагаете ему, Ежову, аванс в 100 рублей.
      1887 Ф. О. Шехтель | NB: На дорогу я взял у Суворина аванс!
      1891 Ал. П. Чехов | Каратыгина просит взаймы 150 руб.
      1895 А. С. Суворин | * Нельзя ли взять у Шубинского аванс в счет этих записок?
      1885 Н. А. Лейкин | Взял оттуда сторублевый аванс дачных ради расходов…
      1886 Н. А. Лейкин | Когда придет ко мне, то постараюсь уломать его и втемяшить в его голову, что отказом аванса «Осколки» выказали отнюдь не недоверие к нему, а только и проч….
      1893 Л. Я. Гуревич | Простите, что в своем письме я упомянул об авансе в форме, которая показалась Вам обидною.
      1886 Ф. О. Шехтель | взаймы, то Вы безжалостный крокодил…
  == даёт и выручает [('М. П. Чехова', 4), ('А. С. Суворин', 3), ('О. Л. Книппер', 3), ('А. А. Долженко', 2), ('М. М. Дюковский', 1)]
      1895 А. С. Суворин | Я высылаю ей ежемесячно по 40 р.
      1889 А. С. Суворин | При сем посылаю Вам обратно 2 рассказа г-жи Орловой.
      1898 А. А. Михайлов | Многоуважаемый Алексей Антонович, посылаю Вам 25 р.
      1900 М. П. Чехова | Тогда бы я дал тебе 200 р.
      1886 М. П. Чехов | Из конторы пошел я в контору Волкова и послал вам сто (100) рублей, каковые Миша может получить, отправившись к Волкову на Кузнецкий с прилагаемым векселем.
      1886 Н. А. Лейкин | За декабрь я послал Вам 3 рассказа и 3 письма.
      1899 П. А. Сергеенко | Милый Петр Алексеевич, посылаю, по глаголу твоему, 100 р.
      1887 А. С. Суворин | Сегодня я выбрал и послал Вам для моей будущей книги 16 рассказов.
  == без денег [('Н. А. Лейкин', 30), ('А. С. Суворин', 27), ('Ал. П. Чехов', 26), ('А. Н. Плещеев', 12), ('М. П. Чехова', 11)]
      1888 А. Н. Плещеев | Одна маленькая семейная неурядица, о которой сообщу при свидании, и безденежье, которое одолевает меня с сентября по сие время, овладели всем моим существом, и я совершен
      1887 Ал. П. Чехов | Так как в конце января я опять буду без денег, то, во избежание нытья домочадцев и займов, которые действуют на меня болезненно, я опять буду беспокоить тебя насчет перев
      1889 А. Н. Плещеев | Вы жалуетесь, что у Вас денег нет.
      1893 В. А. Гольцев | А денег нет и нет, и не скоро будут, анафемские.
      1883 И. П. Чехов | В настоящее время денег у меня ни гроша.
      1885 Н. А. Лейкин | Предлагаю Вам воспользоваться также и вопиющими банкротствами нашего времени…
      1892 Н. А. Лейкин | Во-первых, денег нет, а во-вторых, в саду у меня тесно, а то место, которое назначено для нового сада, еще не готово.
      1886 Ал. П. Чехов | Когда у мужа и жены нет денег, они прислуги не держат — это обыденное правило…
  == гонорар и заработок [('Н. А. Лейкин', 36), ('А. С. Суворин', 32), ('Ал. П. Чехов', 28), ('А. Н. Плещеев', 17), ('И. М. Кондратьев', 15)]
      1889 А. С. Суворин | Цыган не заработает того живым медведем, что я заработал дохлым.
      1887 Н. А. Лейкин | Будут и волки сыты, и овцы целы, когда останется одна только построчная плата; я же не понесу убытка, если эта плата будет регулирована…
      1891 А. С. Суворин | Если рассказ сгодится, то скажите конторе, чтобы она половину гонорара удержала в счет долга по газете, а половину прислала мне поскорее.
      1899 А. И. Урусов | Я продал Марксу свои сочинения на веки вечные и уже послал ему для первого тома целый пуд моих «лицейских» рассказов, не вошедших еще ни в один из сборников, мелких, как 
      1884 Н. А. Лейкин | Уплатить можете Вы им даже из моего гонорара.
      1885 Н. А. Лейкин | Ждет от Вас гонорара.
      1896 А. С. Суворин | Я давно бы тронулся на юг, да не шлют гонорара, без которого я всё равно что лодка без парусов.
      1886 Н. А. Лейкин | Не взял клише, потому что свободных денег со мной не было; получу гонорар из «Осколков» или из «Петербургской газеты», уплачу Давыдову 9 р.
  == долги [('А. С. Суворин', 37), ('М. П. Чехова', 34), ('Ал. П. Чехов', 21), ('Н. А. Лейкин', 16), ('О. Л. Книппер', 14)]
      1892 И. И. Ясинский | То есть не купил, а приобрел, так как заплатил только одну треть стоимости, остальные же две трети пошли в долг и будут погашены, вероятно, чрез посредство благодетельног
      1888 Ф. О. Шехтель | Посылаю Вам свой долг с извинением, что так долго не возвращал его.
      1893 Н. М. Линтварева | Многоуважаемая Наталия Михайловна, вчера я послал Вам свой долг — 500 руб., который обещал я уплатить не позже сего января месяца.
      1899 Н. М. Ежов | Епифанову Сергеенко должен был передать (кажется) 50 р.
      1885 Н. А. Лейкин | Без этих же денег мне выехать нельзя, ибо, надеясь на них, я жил по-лукулловски и натворил долгов…
      1886 М. П. Чехов | Из конторы пошел я в контору Волкова и послал вам сто (100) рублей, каковые Миша может получить, отправившись к Волкову на Кузнецкий с прилагаемым векселем.
      1897 М. П. Чехова | 35 к., которые магазин Суворина удержит в счет моего долга (за присланные в Ниццу книги).
      1887 Н. А. Лейкин | Если приедете, буду очень рад и доволен, ибо, во-первых, я в долгу у Вас за гостеприимство и, во-вторых, скучаю без людей.
  сумм: 1081 крупные: [(1884, 516378.0, 'Н. А. Лейкин', 'Я пишу: «Этот скопинский нищий подает вдруг в банк объявление о взносе им вкладо'), (1888, 200000.0, 'А. Н. Плещеев', 'Желаю, чтобы, проснувшись в одно прекрасное утро и заглянув к себе под подушку, '), (1901, 125000.0, 'О. Р. Васильева', 'Многоуважаемая Ольга Родионовна, не продавайте за 125 000 р., дело ведь не к спе'), (1888, 85000.0, 'А. Н. Маслов (Б', 'Кто жует пьесы, бог их ведает, но только в прошлый сезон Общество собрало авторс'), (1899, 75000.0, 'И. П. Чехов', 'По условиям, которые Маркс предлагает, я за право собственности уже напечатанных'), (1899, 75000.0, 'М. П. Чехова', 'За все уже напечатанные и будущие произведения я получаю 75 000 руб.'), (1899, 75000.0, 'А. Б. Тараховск', 'Я всё напечатанное продал за 75 000 р.'), (1886, 30000.0, 'М. М. Дюковский', 'Когда я буду Захарьиным (чего никогда не будет), я дам Вам взаймы 30 000 р.'), (1889, 15000.0, 'А. С. Суворин', 'Вы должны платить мне 15000 р.'), (1893, 12300.0, 'Ал. П. Чехов', 'Бывшая владелица, продавшая мне Мелихово, сделала уступку 700 р.; значит, именье')]
  адресаты: [['М. П. Чехова', 517, 57011, 90.7], ['Ал. П. Чехов', 413, 46986, 87.9], ['В. А. Гольцев', 60, 8434, 71.1], ['А. Н. Плещеев', 134, 21476, 62.4], ['Н. А. Лейкин', 333, 53708, 62.0], ['М. В. Киселева', 59, 10875, 54.3], ['И. П. Чехов', 58, 10944, 53.0], ['А. С. Суворин', 634, 125604, 50.5], ['семье Чеховых', 122, 24148, 50.5], ['Л. С. Мизинова', 49, 10623, 46.1]]
stats.json: 2773 KB
